// Jest Snapshot v1, https://goo.gl/fbAQLP

exports[`MapPage should match the snapshot 1`] = `ShallowWrapper {}`;
