// Jest Snapshot v1, https://goo.gl/fbAQLP

exports[`MoreInfoPage should match the snapshot 1`] = `ShallowWrapper {}`;
